  Determining projects to restore...
  All projects are up-to-date for restore.
g:\GreenLoop\GreenLoop.DAL\Migrations\20260215215919_initial.cs(9,26): warning CS8981: The type name 'initial' only contains lower-cased ascii characters. Such names may become reserved for the language. [g:\GreenLoop\GreenLoop.DAL\GreenLoop.DAL.csproj]
g:\GreenLoop\GreenLoop.DAL\Migrations\20260215215919_initial.Designer.cs(16,19): warning CS8981: The type name 'initial' only contains lower-cased ascii characters. Such names may become reserved for the language. [g:\GreenLoop\GreenLoop.DAL\GreenLoop.DAL.csproj]
g:\GreenLoop\GreenLoop.DAL\Entities\WasteCategory.cs(12,23): warning CS8618: Non-nullable property 'NameAr' must contain a non-null value when exiting constructor. Consider adding the 'required' modifier or declaring the property as nullable. [g:\GreenLoop\GreenLoop.DAL\GreenLoop.DAL.csproj]
g:\GreenLoop\GreenLoop.DAL\Entities\Coupon.cs(13,25): warning CS8618: Non-nullable property 'Business' must contain a non-null value when exiting constructor. Consider adding the 'required' modifier or declaring the property as nullable. [g:\GreenLoop\GreenLoop.DAL\GreenLoop.DAL.csproj]
g:\GreenLoop\GreenLoop.DAL\Entities\Coupon.cs(17,23): warning CS8618: Non-nullable property 'Title' must contain a non-null value when exiting constructor. Consider adding the 'required' modifier or declaring the property as nullable. [g:\GreenLoop\GreenLoop.DAL\GreenLoop.DAL.csproj]
g:\GreenLoop\GreenLoop.DAL\Entities\Business.cs(10,23): warning CS8618: Non-nullable property 'BusinessName' must contain a non-null value when exiting constructor. Consider adding the 'required' modifier or declaring the property as nullable. [g:\GreenLoop\GreenLoop.DAL\GreenLoop.DAL.csproj]
g:\GreenLoop\GreenLoop.DAL\Entities\Driver.cs(9,23): warning CS8618: Non-nullable property 'VehicleType' must contain a non-null value when exiting constructor. Consider adding the 'required' modifier or declaring the property as nullable. [g:\GreenLoop\GreenLoop.DAL\GreenLoop.DAL.csproj]
g:\GreenLoop\GreenLoop.DAL\Entities\Driver.cs(12,23): warning CS8618: Non-nullable property 'LicenseNumber' must contain a non-null value when exiting constructor. Consider adding the 'required' modifier or declaring the property as nullable. [g:\GreenLoop\GreenLoop.DAL\GreenLoop.DAL.csproj]
g:\GreenLoop\GreenLoop.DAL\Entities\RequestDetail.cs(13,30): warning CS8618: Non-nullable property 'Request' must contain a non-null value when exiting constructor. Consider adding the 'required' modifier or declaring the property as nullable. [g:\GreenLoop\GreenLoop.DAL\GreenLoop.DAL.csproj]
g:\GreenLoop\GreenLoop.DAL\Entities\RequestDetail.cs(17,30): warning CS8618: Non-nullable property 'Category' must contain a non-null value when exiting constructor. Consider adding the 'required' modifier or declaring the property as nullable. [g:\GreenLoop\GreenLoop.DAL\GreenLoop.DAL.csproj]
g:\GreenLoop\GreenLoop.DAL\Entities\DriverDocument.cs(17,23): warning CS8618: Non-nullable property 'Driver' must contain a non-null value when exiting constructor. Consider adding the 'required' modifier or declaring the property as nullable. [g:\GreenLoop\GreenLoop.DAL\GreenLoop.DAL.csproj]
g:\GreenLoop\GreenLoop.DAL\Entities\DriverDocument.cs(21,23): warning CS8618: Non-nullable property 'DocumentType' must contain a non-null value when exiting constructor. Consider adding the 'required' modifier or declaring the property as nullable. [g:\GreenLoop\GreenLoop.DAL\GreenLoop.DAL.csproj]
g:\GreenLoop\GreenLoop.DAL\Entities\DriverDocument.cs(24,23): warning CS8618: Non-nullable property 'ImageUrl' must contain a non-null value when exiting constructor. Consider adding the 'required' modifier or declaring the property as nullable. [g:\GreenLoop\GreenLoop.DAL\GreenLoop.DAL.csproj]
g:\GreenLoop\GreenLoop.DAL\Entities\PickupRequest.cs(14,25): warning CS8618: Non-nullable property 'Customer' must contain a non-null value when exiting constructor. Consider adding the 'required' modifier or declaring the property as nullable. [g:\GreenLoop\GreenLoop.DAL\GreenLoop.DAL.csproj]
g:\GreenLoop\GreenLoop.DAL\Entities\PickupRequest.cs(18,28): warning CS8618: Non-nullable property 'Address' must contain a non-null value when exiting constructor. Consider adding the 'required' modifier or declaring the property as nullable. [g:\GreenLoop\GreenLoop.DAL\GreenLoop.DAL.csproj]
g:\GreenLoop\GreenLoop.DAL\Entities\User.cs(18,23): warning CS8618: Non-nullable property 'FullName' must contain a non-null value when exiting constructor. Consider adding the 'required' modifier or declaring the property as nullable. [g:\GreenLoop\GreenLoop.DAL\GreenLoop.DAL.csproj]
g:\GreenLoop\GreenLoop.DAL\Entities\User.cs(22,23): warning CS8618: Non-nullable property 'PhoneNumber' must contain a non-null value when exiting constructor. Consider adding the 'required' modifier or declaring the property as nullable. [g:\GreenLoop\GreenLoop.DAL\GreenLoop.DAL.csproj]
g:\GreenLoop\GreenLoop.DAL\Entities\User.cs(25,23): warning CS8618: Non-nullable property 'PasswordHash' must contain a non-null value when exiting constructor. Consider adding the 'required' modifier or declaring the property as nullable. [g:\GreenLoop\GreenLoop.DAL\GreenLoop.DAL.csproj]
g:\GreenLoop\GreenLoop.DAL\Entities\UserAddress.cs(13,21): warning CS8618: Non-nullable property 'User' must contain a non-null value when exiting constructor. Consider adding the 'required' modifier or declaring the property as nullable. [g:\GreenLoop\GreenLoop.DAL\GreenLoop.DAL.csproj]
g:\GreenLoop\GreenLoop.DAL\Entities\UserAddress.cs(23,23): warning CS8618: Non-nullable property 'City' must contain a non-null value when exiting constructor. Consider adding the 'required' modifier or declaring the property as nullable. [g:\GreenLoop\GreenLoop.DAL\GreenLoop.DAL.csproj]
  GreenLoop.DAL -> g:\GreenLoop\GreenLoop.DAL\bin\Debug\net8.0\GreenLoop.DAL.dll
  GreenLoop.BLL -> g:\GreenLoop\GreenLoop.BLL\bin\Debug\net8.0\GreenLoop.BLL.dll
g:\GreenLoop\GreenLoop\Program.cs(4,43): error CS0234: The type or namespace name 'JwtBearer' does not exist in the namespace 'Microsoft.AspNetCore.Authentication' (are you missing an assembly reference?) [g:\GreenLoop\GreenLoop\GreenLoop.API.csproj]

Build FAILED.

g:\GreenLoop\GreenLoop.DAL\Migrations\20260215215919_initial.cs(9,26): warning CS8981: The type name 'initial' only contains lower-cased ascii characters. Such names may become reserved for the language. [g:\GreenLoop\GreenLoop.DAL\GreenLoop.DAL.csproj]
g:\GreenLoop\GreenLoop.DAL\Migrations\20260215215919_initial.Designer.cs(16,19): warning CS8981: The type name 'initial' only contains lower-cased ascii characters. Such names may become reserved for the language. [g:\GreenLoop\GreenLoop.DAL\GreenLoop.DAL.csproj]
g:\GreenLoop\GreenLoop.DAL\Entities\WasteCategory.cs(12,23): warning CS8618: Non-nullable property 'NameAr' must contain a non-null value when exiting constructor. Consider adding the 'required' modifier or declaring the property as nullable. [g:\GreenLoop\GreenLoop.DAL\GreenLoop.DAL.csproj]
g:\GreenLoop\GreenLoop.DAL\Entities\Coupon.cs(13,25): warning CS8618: Non-nullable property 'Business' must contain a non-null value when exiting constructor. Consider adding the 'required' modifier or declaring the property as nullable. [g:\GreenLoop\GreenLoop.DAL\GreenLoop.DAL.csproj]
g:\GreenLoop\GreenLoop.DAL\Entities\Coupon.cs(17,23): warning CS8618: Non-nullable property 'Title' must contain a non-null value when exiting constructor. Consider adding the 'required' modifier or declaring the property as nullable. [g:\GreenLoop\GreenLoop.DAL\GreenLoop.DAL.csproj]
g:\GreenLoop\GreenLoop.DAL\Entities\Business.cs(10,23): warning CS8618: Non-nullable property 'BusinessName' must contain a non-null value when exiting constructor. Consider adding the 'required' modifier or declaring the property as nullable. [g:\GreenLoop\GreenLoop.DAL\GreenLoop.DAL.csproj]
g:\GreenLoop\GreenLoop.DAL\Entities\Driver.cs(9,23): warning CS8618: Non-nullable property 'VehicleType' must contain a non-null value when exiting constructor. Consider adding the 'required' modifier or declaring the property as nullable. [g:\GreenLoop\GreenLoop.DAL\GreenLoop.DAL.csproj]
g:\GreenLoop\GreenLoop.DAL\Entities\Driver.cs(12,23): warning CS8618: Non-nullable property 'LicenseNumber' must contain a non-null value when exiting constructor. Consider adding the 'required' modifier or declaring the property as nullable. [g:\GreenLoop\GreenLoop.DAL\GreenLoop.DAL.csproj]
g:\GreenLoop\GreenLoop.DAL\Entities\RequestDetail.cs(13,30): warning CS8618: Non-nullable property 'Request' must contain a non-null value when exiting constructor. Consider adding the 'required' modifier or declaring the property as nullable. [g:\GreenLoop\GreenLoop.DAL\GreenLoop.DAL.csproj]
g:\GreenLoop\GreenLoop.DAL\Entities\RequestDetail.cs(17,30): warning CS8618: Non-nullable property 'Category' must contain a non-null value when exiting constructor. Consider adding the 'required' modifier or declaring the property as nullable. [g:\GreenLoop\GreenLoop.DAL\GreenLoop.DAL.csproj]
g:\GreenLoop\GreenLoop.DAL\Entities\DriverDocument.cs(17,23): warning CS8618: Non-nullable property 'Driver' must contain a non-null value when exiting constructor. Consider adding the 'required' modifier or declaring the property as nullable. [g:\GreenLoop\GreenLoop.DAL\GreenLoop.DAL.csproj]
g:\GreenLoop\GreenLoop.DAL\Entities\DriverDocument.cs(21,23): warning CS8618: Non-nullable property 'DocumentType' must contain a non-null value when exiting constructor. Consider adding the 'required' modifier or declaring the property as nullable. [g:\GreenLoop\GreenLoop.DAL\GreenLoop.DAL.csproj]
g:\GreenLoop\GreenLoop.DAL\Entities\DriverDocument.cs(24,23): warning CS8618: Non-nullable property 'ImageUrl' must contain a non-null value when exiting constructor. Consider adding the 'required' modifier or declaring the property as nullable. [g:\GreenLoop\GreenLoop.DAL\GreenLoop.DAL.csproj]
g:\GreenLoop\GreenLoop.DAL\Entities\PickupRequest.cs(14,25): warning CS8618: Non-nullable property 'Customer' must contain a non-null value when exiting constructor. Consider adding the 'required' modifier or declaring the property as nullable. [g:\GreenLoop\GreenLoop.DAL\GreenLoop.DAL.csproj]
g:\GreenLoop\GreenLoop.DAL\Entities\PickupRequest.cs(18,28): warning CS8618: Non-nullable property 'Address' must contain a non-null value when exiting constructor. Consider adding the 'required' modifier or declaring the property as nullable. [g:\GreenLoop\GreenLoop.DAL\GreenLoop.DAL.csproj]
g:\GreenLoop\GreenLoop.DAL\Entities\User.cs(18,23): warning CS8618: Non-nullable property 'FullName' must contain a non-null value when exiting constructor. Consider adding the 'required' modifier or declaring the property as nullable. [g:\GreenLoop\GreenLoop.DAL\GreenLoop.DAL.csproj]
g:\GreenLoop\GreenLoop.DAL\Entities\User.cs(22,23): warning CS8618: Non-nullable property 'PhoneNumber' must contain a non-null value when exiting constructor. Consider adding the 'required' modifier or declaring the property as nullable. [g:\GreenLoop\GreenLoop.DAL\GreenLoop.DAL.csproj]
g:\GreenLoop\GreenLoop.DAL\Entities\User.cs(25,23): warning CS8618: Non-nullable property 'PasswordHash' must contain a non-null value when exiting constructor. Consider adding the 'required' modifier or declaring the property as nullable. [g:\GreenLoop\GreenLoop.DAL\GreenLoop.DAL.csproj]
g:\GreenLoop\GreenLoop.DAL\Entities\UserAddress.cs(13,21): warning CS8618: Non-nullable property 'User' must contain a non-null value when exiting constructor. Consider adding the 'required' modifier or declaring the property as nullable. [g:\GreenLoop\GreenLoop.DAL\GreenLoop.DAL.csproj]
g:\GreenLoop\GreenLoop.DAL\Entities\UserAddress.cs(23,23): warning CS8618: Non-nullable property 'City' must contain a non-null value when exiting constructor. Consider adding the 'required' modifier or declaring the property as nullable. [g:\GreenLoop\GreenLoop.DAL\GreenLoop.DAL.csproj]
g:\GreenLoop\GreenLoop\Program.cs(4,43): error CS0234: The type or namespace name 'JwtBearer' does not exist in the namespace 'Microsoft.AspNetCore.Authentication' (are you missing an assembly reference?) [g:\GreenLoop\GreenLoop\GreenLoop.API.csproj]
    20 Warning(s)
    1 Error(s)

Time Elapsed 00:00:01.64
